<testsuites id="" name="" tests="3" failures="0" skipped="0" errors="0" time="10.054341">
<testsuite name="practice-automation.spec.ts" timestamp="2026-03-25T22:08:12.975Z" hostname="chromium" tests="2" failures="0" skipped="0" time="11.813" errors="0">
<testcase name="Practice Automation › should display the correct page title on the home page" classname="practice-automation.spec.ts" time="5.427">
</testcase>
<testcase name="Practice Automation › should login" classname="practice-automation.spec.ts" time="6.386">
</testcase>
</testsuite>
<testsuite name="test-table.spec.ts" timestamp="2026-03-25T22:08:12.975Z" hostname="chromium" tests="1" failures="0" skipped="0" time="5.726" errors="0">
<testcase name="Table test › select java Advanced only" classname="test-table.spec.ts" time="5.726">
<system-out>
<![CDATA[hello
]]>
</system-out>
</testcase>
</testsuite>
</testsuites>